../application/source/user_interface/menuSMS.c:587:13:smsMenuRender	64	static
../application/source/user_interface/menuSMS.c:1315:13:smsComposeInsertChar	32	static
../application/source/user_interface/menuSMS.c:1219:13:smsComposeRenderDestinationSelect	40	static
../application/source/user_interface/menuSMS.c:1255:13:smsComposeRenderFormatSelect	40	static
../application/source/user_interface/menuSMS.c:815:13:smsRxRespondRender	40	static
../application/source/user_interface/menuSMS.c:1291:13:smsComposeRenderManualIdEntry	32	static
../application/source/user_interface/menuSMS.c:787:13:smsRxPopupRender	72	static
../application/source/user_interface/menuSMS.c:2509:13:smsOptionsRender	64	static
../application/source/user_interface/menuSMS.c:1062:13:smsDrawTextCursor	32	static
../application/source/user_interface/menuSMS.c:1082:13:smsComposeRender	96	static
../application/source/user_interface/menuSMS.c:664:13:smsQuickTextEditRender	72	static
../application/source/user_interface/menuSMS.c:612:13:smsQuickTextRender	320	static
../application/source/user_interface/menuSMS.c:351:13:smsBuildMessagePreview.part.0.constprop	12	static
../application/source/user_interface/menuSMS.c:999:13:smsSentRender	320	static
../application/source/user_interface/menuSMS.c:935:13:smsInboxRender	320	static
../application/source/user_interface/menuSMS.c:440:13:smsGetSourceDisplayText.part.0.constprop	48	static
../application/source/user_interface/menuSMS.c:238:12:smsBuildViewLineLayout.constprop	32	static
../application/source/user_interface/menuSMS.c:173:17:smsBuildViewText.part.0.constprop	16	static
../application/source/user_interface/menuSMS.c:1160:13:smsComposeRenderContactSelect	112	static
../application/source/user_interface/menuSMS.c:851:13:smsViewRender	1016	static
../application/source/user_interface/menuSMS.c:1368:14:menuSMSMenu	8	static
../application/source/user_interface/menuSMS.c:1439:14:menuSMSCompose	72	static
../application/source/user_interface/menuSMS.c:1819:14:menuSMSInbox	48	static
../application/source/user_interface/menuSMS.c:1906:14:menuSMSSent	264	static
../application/source/user_interface/menuSMS.c:1993:14:menuSMSQuickText	280	static
../application/source/user_interface/menuSMS.c:2096:14:menuSMSQuickTextEdit	40	static
../application/source/user_interface/menuSMS.c:2242:14:menuSMSRxPopup	16	static
../application/source/user_interface/menuSMS.c:2392:14:menuSMSView	1208	static
../application/source/user_interface/menuSMS.c:2547:14:menuSMSOptions	8	static
