../application/source/user_interface/menuSystem.c:190:13:menuSystemCheckForFirstEntryAudible	8	static
../application/source/user_interface/menuSystem.c:267:5:menuSystemGetLastItemIndex	0	static
../application/source/user_interface/menuSystem.c:277:6:menuSystemRegisterExitCallback	0	static
../application/source/user_interface/menuSystem.c:301:6:menuSystemCallExitCallback	16	static
../application/source/user_interface/menuSystem.c:380:5:menuSystemGetCurrentMenuNumber	0	static
../application/source/user_interface/menuSystem.c:385:5:menuSystemGetPreviousMenuNumber	0	static
../application/source/user_interface/menuSystem.c:395:5:menuSystemGetPreviouslyPushedMenuNumber	0	static
../application/source/user_interface/menuSystem.c:411:5:menuSystemGetRootMenuNumber	0	static
../application/source/user_interface/menuSystem.c:602:6:displayLightTrigger	8	static
../application/source/user_interface/menuSystem.c:217:13:menuSystemPushMenuFirstRun	40	static
../application/source/user_interface/menuSystem.c:283:6:menuSystemPushNewMenu	16	static
../application/source/user_interface/menuSystem.c:311:6:menuSystemPopPreviousMenu	8	static
../application/source/user_interface/menuSystem.c:333:6:menuSystemPopAllAndDisplayRootMenu	8	static
../application/source/user_interface/menuSystem.c:351:6:menuSystemPopAllAndDisplaySpecificRootMenu	16	static
../application/source/user_interface/menuSystem.c:373:6:menuSystemSetCurrentMenu	8	static
../application/source/user_interface/menuSystem.c:576:6:menuSystemCallCurrentMenuTick	16	static
../application/source/user_interface/menuSystem.c:616:6:displayLightOverrideTimeout	16	static
../application/source/user_interface/menuSystem.c:632:6:menuSystemInit	32	static
../application/source/user_interface/menuSystem.c:659:6:menuSystemLanguageHasChanged	0	static
../application/source/user_interface/menuSystem.c:726:6:menuDisplayTitle	32	static
../application/source/user_interface/menuSystem.c:749:6:menuDisplayEntry	80	static
../application/source/user_interface/menuSystem.c:793:5:menuGetMenuOffset	8	static
../application/source/user_interface/menuSystem.c:841:5:menuGetKeypadKeyValue	88	static
../application/source/user_interface/menuSystem.c:891:6:menuUpdateCursor	24	static
../application/source/user_interface/menuSystem.c:928:6:moveCursorLeftInString	24	static
../application/source/user_interface/menuSystem.c:958:6:moveCursorRightInString	24	static
../application/source/user_interface/menuSystem.c:984:6:menuSystemMenuIncrement	0	static
../application/source/user_interface/menuSystem.c:989:6:menuSystemMenuDecrement	0	static
../application/source/user_interface/menuSystem.c:995:6:menuDisplaySettingOption	32	static
