../application/source/user_interface/uiUtilities.c:1177:13:dmrDbTextDecode	24	static
../application/source/user_interface/uiUtilities.c:1082:13:dmrIDReadContactInFlash	4	static
../application/source/user_interface/uiUtilities.c:2846:22:announceVFOChannelName	8	static
../application/source/user_interface/uiUtilities.c:2578:22:announceZoneName	32	static
../application/source/user_interface/uiUtilities.c:2629:22:announceContactNameTgOrPc	40	static
../application/source/user_interface/uiUtilities.c:2746:22:announceTS	8	static
../application/source/user_interface/uiUtilities.c:2759:22:announceCC	8	static
../application/source/user_interface/uiUtilities.c:3773:13:dtmfStopLocalTone	8	static
../application/source/user_interface/uiUtilities.c:2562:22:announceRadioMode	16	static
../application/source/user_interface/uiUtilities.c:3516:10:cssGetToneFromIndex.part.0	0	static
../application/source/user_interface/uiUtilities.c:2812:13:announceQRG.constprop	40	static
../application/source/user_interface/uiUtilities.c:2249:13:drawHeaderBar.constprop	16	static
../application/source/user_interface/uiUtilities.c:101:6:tsSetManualOverride	0	static
../application/source/user_interface/uiUtilities.c:119:6:tsSetFromContactOverride	0	static
../application/source/user_interface/uiUtilities.c:134:8:tsGetManualOverride	0	static
../application/source/user_interface/uiUtilities.c:141:8:tsGetManualOverrideFromCurrentChannel	0	static
../application/source/user_interface/uiUtilities.c:152:6:tsIsManualOverridden	0	static
../application/source/user_interface/uiUtilities.c:159:6:tsSetContactHasBeenOverriden	0	static
../application/source/user_interface/uiUtilities.c:177:6:tsIsContactHasBeenOverriddenFromCurrentChannel	0	static
../application/source/user_interface/uiUtilities.c:187:6:tsIsContactHasBeenOverridden	0	static
../application/source/user_interface/uiUtilities.c:222:7:chomp	8	static
../application/source/user_interface/uiUtilities.c:1398:13:displaySplitOrSpanText.part.0.constprop	80	static
../application/source/user_interface/uiUtilities.c:258:9:getFirstSpacePos	0	static
../application/source/user_interface/uiUtilities.c:276:6:getCallsignOnly	16	static
../application/source/user_interface/uiUtilities.c:301:6:lastHeardInitList	20	static
../application/source/user_interface/uiUtilities.c:341:13:lastHeardFindInList	0	static
../application/source/user_interface/uiUtilities.c:192:6:isQSODataAvailableForCurrentTalker	8	static
../application/source/user_interface/uiUtilities.c:358:10:coordsToMaidenhead	24	static
../application/source/user_interface/uiUtilities.c:437:6:buildLocationAndMaidenheadStrings	80	static
../application/source/user_interface/uiUtilities.c:474:8:latLonFixed24ToDouble	16	static
../application/source/user_interface/uiUtilities.c:486:10:latLonDoubleToFixed24	32	static
../application/source/user_interface/uiUtilities.c:500:8:latLonFixed32ToDouble	16	static
../application/source/user_interface/uiUtilities.c:512:10:latLonDoubleToFixed32	32	static
../application/source/user_interface/uiUtilities.c:531:8:distanceBetweenTwoCoords	88	static
../application/source/user_interface/uiUtilities.c:526:8:distanceToLocation	32	static
../application/source/user_interface/uiUtilities.c:560:8:courseTo	64	static
../application/source/user_interface/uiUtilities.c:702:6:lastHeardClearLastID	8	static
../application/source/user_interface/uiUtilities.c:824:6:lastHeardClearWorkingTAData	8	static
../application/source/user_interface/uiUtilities.c:1167:6:dmrIDCacheClear	0	static
../application/source/user_interface/uiUtilities.c:1098:6:dmrIDCacheInit	112	static
../application/source/user_interface/uiUtilities.c:1172:10:dmrIDCacheGetCount	0	static
../application/source/user_interface/uiUtilities.c:1215:6:dmrIDLookup	104	static
../application/source/user_interface/uiUtilities.c:1352:6:contactIDLookup	48	static
../application/source/user_interface/uiUtilities.c:711:13:updateLHItem	120	static
../application/source/user_interface/uiUtilities.c:832:6:lastHeardListUpdate	64	static
../application/source/user_interface/uiUtilities.c:2268:6:uiUtilityDrawRSSIBarGraph	24	static
../application/source/user_interface/uiUtilities.c:2327:6:uiUtilityDrawFMMicLevelBarGraph	16	static
../application/source/user_interface/uiUtilities.c:2352:6:uiUtilityDrawDMRMicLevelBarGraph	16	static
../application/source/user_interface/uiUtilities.c:2358:6:setOverrideTGorPC	0	static
../application/source/user_interface/uiUtilities.c:2453:8:dcsPrintf	16	static
../application/source/user_interface/uiUtilities.c:1571:6:uiUtilityDisplayInformation	72	static
../application/source/user_interface/uiUtilities.c:1370:13:displayChannelNameOrRxFrequency.constprop	16	static
../application/source/user_interface/uiUtilities.c:1487:13:displayContactTextInfos	80	static
../application/source/user_interface/uiUtilities.c:1746:6:uiUtilityRenderQSOData	88	static
../application/source/user_interface/uiUtilities.c:2458:6:freqEnterReset	0	static
../application/source/user_interface/uiUtilities.c:2464:5:freqEnterRead	20	static
../application/source/user_interface/uiUtilities.c:2491:5:getBatteryPercentage	0	static
../application/source/user_interface/uiUtilities.c:2496:6:getBatteryVoltage	0	static
../application/source/user_interface/uiUtilities.c:2876:6:announceChar	16	static
../application/source/user_interface/uiUtilities.c:2890:6:buildCSSCodeVoicePrompts	32	static
../application/source/user_interface/uiUtilities.c:2942:6:announceCSSCode	32	static
../application/source/user_interface/uiUtilities.c:2976:6:announceItemWithInit	80	static
../application/source/user_interface/uiUtilities.c:3115:6:announceItem	0	static
../application/source/user_interface/uiUtilities.c:2502:6:increasePowerLevel	16	static
../application/source/user_interface/uiUtilities.c:2532:6:decreasePowerLevel	24	static
../application/source/user_interface/uiUtilities.c:3120:6:promptsPlayNotAfterTx	8	static
../application/source/user_interface/uiUtilities.c:3128:6:uiUtilityBuildTgOrPCDisplayName	120	static
../application/source/user_interface/uiUtilities.c:3192:6:acceptPrivateCall	16	static
../application/source/user_interface/uiUtilities.c:3213:6:rebuildVoicePromptOnExtraLongSK1	24	static
../application/source/user_interface/uiUtilities.c:3275:6:repeatVoicePromptOnSK1	8	static
../application/source/user_interface/uiUtilities.c:3309:6:handleMonitorMode	24	static
../application/source/user_interface/uiUtilities.c:3456:6:saveQuickkeyMenuIndex	8	static
../application/source/user_interface/uiUtilities.c:3467:6:saveQuickkeyMenuLongValue	8	static
../application/source/user_interface/uiUtilities.c:3475:6:saveQuickkeyContactIndex	8	static
../application/source/user_interface/uiUtilities.c:3481:9:cssGetToneIndex	12	static
../application/source/user_interface/uiUtilities.c:3516:10:cssGetToneFromIndex	0	static
../application/source/user_interface/uiUtilities.c:3538:6:cssIncrement	24	static
../application/source/user_interface/uiUtilities.c:3593:6:cssDecrement	24	static
../application/source/user_interface/uiUtilities.c:3656:6:uiQuickKeysShowChoices	32	static
../application/source/user_interface/uiUtilities.c:3681:6:uiQuickKeysIsStoring	0	static
../application/source/user_interface/uiUtilities.c:3686:6:uiQuickKeysStore	16	static
../application/source/user_interface/uiUtilities.c:3857:6:dtmfSequenceReset	0	static
../application/source/user_interface/uiUtilities.c:3864:6:dtmfSequenceIsKeying	0	static
../application/source/user_interface/uiUtilities.c:3869:6:dtmfSequencePrepare	8	static
../application/source/user_interface/uiUtilities.c:3896:6:dtmfSequenceStart	0	static
../application/source/user_interface/uiUtilities.c:3904:6:dtmfSequenceStop	0	static
../application/source/user_interface/uiUtilities.c:3910:6:dtmfSequenceTick	48	static
../application/source/user_interface/uiUtilities.c:4023:6:resetOriginalSettingsData	0	static
../application/source/user_interface/uiUtilities.c:4033:6:showErrorMessage	8	static
../application/source/user_interface/uiUtilities.c:4042:13:getPowerLevel	0	static
../application/source/user_interface/uiUtilities.c:4051:13:getPowerLevelUnit	0	static
../application/source/user_interface/uiUtilities.c:4156:12:gmtime_r_Custom	24	static
../application/source/user_interface/uiUtilities.c:4208:15:mktime_custom	72	static
../application/source/user_interface/uiUtilities.c:4229:15:getRtcTime_custom	72	static
../application/source/user_interface/uiUtilities.c:4250:6:setRtc_custom	80	static
../application/source/user_interface/uiUtilities.c:4444:5:sunriset	104	static
../application/source/user_interface/uiUtilities.c:4505:6:daytimeThemeChangeUpdate	8	static
../application/source/user_interface/uiUtilities.c:4056:6:uiSetUTCDateTimeInSecs	0	static
../application/source/user_interface/uiUtilities.c:4516:6:daytimeThemeApply	48	static
../application/source/user_interface/uiUtilities.c:4545:6:daytimeThemeTick	136	static
../application/source/user_interface/uiUtilities.c:4594:6:uiChannelModeOrVFOModeThemeDaytimeChange	16	static
../application/source/user_interface/uiUtilities.c:4640:6:txInhibitCheckAndWarn	24	static
../application/source/user_interface/uiUtilities.c:4668:6:isTransmittingIgnoringAPRSBeaconing	8	static
../application/source/user_interface/uiUtilities.c:1858:6:uiUtilityRenderHeader	120	static
../application/source/user_interface/uiUtilities.c:1735:6:uiUtilityRenderQSODataAndUpdateScreen	8	static
../application/source/user_interface/uiUtilities.c:2230:6:uiUtilityRedrawHeaderOnly	24	static
../application/source/user_interface/uiUtilities.c:2378:6:uiUtilityDisplayFrequency	88	static
../application/source/user_interface/uiUtilities.c:4674:10:cpuGetSignature	0	static
../application/source/user_interface/uiUtilities.c:4679:10:cpuGetRevision	0	static
../application/source/user_interface/uiUtilities.c:4684:10:cpuGetPackage	0	static
../application/source/user_interface/uiUtilities.c:4689:9:cpuGetFlashSize	0	static
