../application/source/functions/hotspot.c:465:16:LUT_Mult	536	static
../application/source/functions/hotspot.c:785:13:hammingEncode	32	static
../application/source/functions/hotspot.c:798:16:hammingGetBits	56	static
../application/source/functions/hotspot.c:956:13:byteToBooleanBitsArray	0	static
../application/source/functions/hotspot.c:964:16:BooleanBitsArrayToByte	0	static
../application/source/functions/hotspot.c:545:13:BPTCglobalsInit	8	static
../application/source/functions/hotspot.c:526:13:ReedSolomonDMREncode	32	static
../application/source/functions/hotspot.c:648:13:BPTCencode	152	static
../application/source/functions/hotspot.c:815:13:embeddedDataEncodeEmbeddedData	152	static
../application/source/functions/hotspot.c:974:6:cwProcess	16	static
../application/source/functions/hotspot.c:1013:6:cwReset	0	static
../application/source/functions/hotspot.c:1742:6:enqueueUSBData	16	static
../application/source/functions/hotspot.c:2251:13:sendACK	16	static
../application/source/functions/hotspot.c:2263:13:sendNAK	16	static
../application/source/functions/hotspot.c:1445:6:handleHotspotRequest	600	static
../application/source/functions/hotspot.c:1871:13:sendVoiceHeaderLC_Frame	136	static
../application/source/functions/hotspot.c:1762:6:processUSBDataQueue	16	static
../application/source/functions/hotspot.c:1936:6:hotspotRxFrameHandler	8	static
../application/source/functions/hotspot.c:2276:6:hotspotStateMachine	168	static
../application/source/functions/hotspot.c:2647:6:hotspotInit	16	static
