../application/source/functions/sms.c:347:17:smsStorageChecksum	12	static
../application/source/functions/sms.c:2275:17:smsCrc32Compute	12	static
../application/source/functions/sms.c:2315:17:smsUdpChecksum	16	static
../application/source/functions/sms.c:2122:13:smsResetRxAssembly	8	static
../application/source/functions/sms.c:337:13:smsResetOutgoingStartTracking	0	static
../application/source/functions/sms.c:409:13:smsStorageReadHeader	8	static
../application/source/functions/sms.c:483:13:smsStorageUpdateChecksum	104	static
../application/source/functions/sms.c:3092:13:smsScheduleQueuedMessageTransmissionInternal	32	static
../application/source/functions/sms.c:1604:13:smsMapUnicodeToAscii.part.0	0	static
../application/source/functions/sms.c:1060:13:smsDecodeUtf16Payload	24	static
../application/source/functions/sms.c:473:13:smsStorageWriteHeader.part.0	0	static
../application/source/functions/sms.c:1000:13:smsStoreSentMessageInternal	520	static
../application/source/functions/sms.c:2828:24:smsConvertTextToUtf16LeUpper.constprop	20	static
../application/source/functions/sms.c:2294:17:smsIpHeaderChecksum.constprop	12	static
../application/source/functions/sms.c:2524:13:smsDecodeMotorolaPayload.constprop	560	static
../application/source/functions/sms.c:2738:17:smsCrc16Ccitt.constprop	12	static
../application/source/functions/sms.c:2761:13:smsBuildCsbk	8	static
../application/source/functions/sms.c:1271:17:smsCountCharOccurrence.part.0.constprop	0	static
../application/source/functions/sms.c:1314:16:smsScoreDecodedText	40	static
../application/source/functions/sms.c:930:13:smsStoreInboxMessage.constprop	520	static
../application/source/functions/sms.c:367:13:smsStorageChecksumFromEeprom.constprop	104	static
../application/source/functions/sms.c:637:13:smsStorageLoad	1040	static
../application/source/functions/sms.c:1502:13:smsTryAdoptDecodedCandidate.constprop.isra	256	static
../application/source/functions/sms.c:2641:13:smsDecodeStandardPayload.constprop.isra	560	static
../application/source/functions/sms.c:1298:13:smsDecodedTextIsPoor.constprop	16	static
../application/source/functions/sms.c:1223:13:smsDecodeAsciiPayload.constprop	20	static
../application/source/functions/sms.c:1536:13:smsTryDecodeWindowDirect.constprop.isra	16	static
../application/source/functions/sms.c:1570:13:smsTryDecodeWindowNeighborhood.constprop	24	static
../application/source/functions/sms.c:312:6:smsInit	8	static
../application/source/functions/sms.c:2867:17:smsPackMessage	1024	static
../application/source/functions/sms.c:2933:17:smsQueueMessage	16	static
../application/source/functions/sms.c:2959:6:smsHasQueuedMessage	0	static
../application/source/functions/sms.c:2964:29:smsGetQueuedMessage	0	static
../application/source/functions/sms.c:2969:6:smsClearQueuedMessage	0	static
../application/source/functions/sms.c:2975:6:smsQueueRawCsbkMessage	16	static
../application/source/functions/sms.c:2991:17:smsQueueStatusMessage	32	static
../application/source/functions/sms.c:3023:6:smsScheduleQueuedStatusTransmission	24	static
../application/source/functions/sms.c:3043:6:smsHasStatusRxNotification	0	static
../application/source/functions/sms.c:3048:6:smsConsumeStatusRxNotification	0	static
../application/source/functions/sms.c:3117:6:smsScheduleQueuedMessageTransmission	24	static
../application/source/functions/sms.c:3175:6:smsNotifyOutgoingAckReceived	0	static
../application/source/functions/sms.c:3186:6:smsNotifyOutgoingRejected	0	static
../application/source/functions/sms.c:3197:6:smsNotifyOutgoingNoRepeater	0	static
../application/source/functions/sms.c:3208:6:smsNotifyOutgoingSent	0	static
../application/source/functions/sms.c:3219:6:smsRetryLastOutgoingMessage	24	static
../application/source/functions/sms.c:3243:14:smsConsumeTxEvent	0	static
../application/source/functions/sms.c:3718:6:smsHandleReceivedDataFrame	32	static
../application/source/functions/sms.c:3918:9:smsGetInboxCount	0	static
../application/source/functions/sms.c:3923:6:smsGetInboxMessage	40	static
../application/source/functions/sms.c:3948:6:smsDeleteInboxMessage	520	static
../application/source/functions/sms.c:3993:6:smsClearInbox	32	static
../application/source/functions/sms.c:4016:9:smsGetSentCount	0	static
../application/source/functions/sms.c:4021:6:smsGetSentMessage	40	static
../application/source/functions/sms.c:567:13:smsStorageBuildSnapshot.part.0	280	static
../application/source/functions/sms.c:629:13:smsStoragePersist	6304	static
../application/source/functions/sms.c:4046:6:smsStoreSentMessage	8	static
../application/source/functions/sms.c:3672:6:smsTick	296	static
../application/source/functions/sms.c:4057:6:smsDeleteSentMessage	520	static
../application/source/functions/sms.c:4098:6:smsClearSent	32	static
../application/source/functions/sms.c:4118:9:smsGetQuickTextCount	0	static
../application/source/functions/sms.c:4123:6:smsGetQuickTextMessage	6328	static
../application/source/functions/sms.c:4148:6:smsStoreQuickTextMessage	6328	static
../application/source/functions/sms.c:4173:6:smsUpdateQuickTextMessage	6328	static
../application/source/functions/sms.c:4196:6:smsDeleteQuickTextMessage	6328	static
../application/source/functions/sms.c:4223:17:smsQueueSentMessage	248	static
../application/source/functions/sms.c:4238:6:smsHasRxNotification	0	static
../application/source/functions/sms.c:4243:6:smsConsumeRxNotification	0	static
../application/source/functions/sms.c:4250:6:smsInboxStorageTick	16	static
