../application/source/functions/sound.c:565:13:soundBeepTaskFunction	64	static
../application/source/functions/sound.c:150:9:audioAmpGetStatus	0	static
../application/source/functions/sound.c:155:6:audioAmpEnable	0	static
../application/source/functions/sound.c:167:6:audioAmpDisable	0	static
../application/source/functions/sound.c:180:6:audioAmpMute	0	static
../application/source/functions/sound.c:197:6:audioAmpIsMuted	0	static
../application/source/functions/sound.c:230:6:soundCreateSong	16	static
../application/source/functions/sound.c:253:6:soundInitBeepTask	24	static
../application/source/functions/sound.c:272:6:soundInit	0	static
../application/source/functions/sound.c:280:6:soundTerminateSound	0	static
../application/source/functions/sound.c:285:6:soundSetupBuffer	0	static
../application/source/functions/sound.c:290:6:soundStoreBuffer	8	static
../application/source/functions/sound.c:303:6:soundRetrieveBuffer	8	static
../application/source/functions/sound.c:410:6:soundStartDMA	0	static
../application/source/functions/sound.c:427:6:soundReceiveData	8	static
../application/source/functions/sound.c:439:6:soundReceiveRefillData	36	static
../application/source/functions/sound.c:511:6:soundMelodyIsPlaying	0	static
../application/source/functions/sound.c:516:6:soundResetDMRRxAGCGain	0	static
../application/source/functions/sound.c:202:6:soundSetMelody	16	static
../application/source/functions/sound.c:482:6:soundStopMelody	8	static
../application/source/functions/sound.c:329:6:soundRefillData	32	static
../application/source/functions/sound.c:317:6:soundFillData	8	static
../application/source/functions/sound.c:416:6:soundSendData	8	static
../application/source/functions/sound.c:471:6:soundTickRXBuffer	0	static
../application/source/functions/sound.c:528:6:soundTickMelody	32	static
