../application/source/hardware/HR-C6000.c:409:20:rxtNoteWav	0	static
../application/source/hardware/HR-C6000.c:2535:13:hrc6000InitDigitalState	0	static
../application/source/hardware/HR-C6000.c:2738:13:hrc6000SendPcOrTgLCHeader	24	static
../application/source/hardware/HR-C6000.c:724:13:hrc6000WriteSPIRegister0x04Multi	16	static
../application/source/hardware/HR-C6000.c:952:13:hrc6000CheckColourCodeFilter	8	static
../application/source/hardware/HR-C6000.c:1920:13:hrc6000TransitionToTx	8	static
../application/source/hardware/HR-C6000.c:832:20:hrc6000CrcIsValid	8	static
../application/source/hardware/HR-C6000.c:842:12:hrc6000GetTSTimeoutValue	0	static
../application/source/hardware/HR-C6000.c:385:20:rxtLog	32	static
../application/source/hardware/HR-C6000.c:502:20:rxtSimple	24	static
../application/source/hardware/HR-C6000.c:486:20:rxtDecode	16	static
../application/source/hardware/HR-C6000.c:860:20:hrc6000CheckTimeSlotFilter	16	static
../application/source/hardware/HR-C6000.c:2599:13:hrc6000SendSMSFrame	8	static
../application/source/hardware/HR-C6000.c:2496:20:hrc6000RxInterruptHandler	0	static
../application/source/hardware/HR-C6000.c:1939:6:hrc6000TxBurstCallback	16	static
../application/source/hardware/HR-C6000.c:522:6:hrc6000RxTraceUnderrun	0	static
../application/source/hardware/HR-C6000.c:698:9:getCurrentTATxFlag	16	static
../application/source/hardware/HR-C6000.c:827:6:HRC6000SetMicGainDMR	0	static
../application/source/hardware/HR-C6000.c:891:6:HRC6000CheckTalkGroupFilter	8	static
../application/source/hardware/HR-C6000.c:2509:6:hrc6000TxInterruptHandler	8	static
../application/source/hardware/HR-C6000.c:2522:6:hrc6000SetInIRQHandler	0	static
../application/source/hardware/HR-C6000.c:2617:6:HRC6000InitInterrupts	8	static
../application/source/hardware/HR-C6000.c:2646:6:HRC6000ResetTimeSlotDetection	16	static
../application/source/hardware/HR-C6000.c:2713:6:HRC6000TerminateDigital	8	static
../application/source/hardware/HR-C6000.c:3225:6:HRC6000InitTask	16	static
../application/source/hardware/HR-C6000.c:3241:6:HRC6000ClearIsWakingState	0	static
../application/source/hardware/HR-C6000.c:3246:5:HRC6000GetIsWakingState	0	static
../application/source/hardware/HR-C6000.c:3251:6:HRC6000ClearActiveDMRID	0	static
../application/source/hardware/HR-C6000.c:1731:6:hrc6000SysInterruptHandler	112	static
../application/source/hardware/HR-C6000.c:3259:6:HRC6000ResyncTimeSlot	8	static
../application/source/hardware/HR-C6000.c:3295:10:HRC6000GetReceivedTgOrPcId	0	static
../application/source/hardware/HR-C6000.c:3300:10:HRC6000GetReceivedSrcId	0	static
../application/source/hardware/HR-C6000.c:3305:6:HRC6000ClearTimecodeSynchronisation	0	static
../application/source/hardware/HR-C6000.c:3310:6:HRC6000ClearColorCodeSynchronisation	0	static
../application/source/hardware/HR-C6000.c:3321:6:HRC6000SetTalkerAlias	0	static
../application/source/hardware/HR-C6000.c:3326:6:HRC6000SetTalkerAliasLocation	16	static
../application/source/hardware/HR-C6000.c:3344:6:HRC6000StartQueuedSMS	32	static
../application/source/hardware/HR-C6000.c:3438:6:HRC6000IsSendingSMS	0	static
../application/source/hardware/HR-C6000.c:3443:6:HRC6000IRQHandlerIsRunning	0	static
../application/source/hardware/HR-C6000.c:3448:6:HRC6000HasGotSync	0	static
../application/source/hardware/HR-C6000.c:3453:6:HRC6000SetMicGainFM	0	static
../application/source/hardware/HR-C6000.c:3458:6:HRC6000SetFMTx	16	static
../application/source/hardware/HR-C6000.c:3530:6:HRC6000SetFMRx	8	static
../application/source/hardware/HR-C6000.c:3542:6:HRC6000SetDMR	8	static
../application/source/hardware/HR-C6000.c:2624:6:HRC6000InitDigitalDmrRx	8	static
../application/source/hardware/HR-C6000.c:1948:6:hrc6000TimeslotInterruptHandler	48	static
../application/source/hardware/HR-C6000.c:2679:6:HRC6000InitDigital	8	static
../application/source/hardware/HR-C6000.c:3201:13:hrc6000TaskFunction	160	static
../application/source/hardware/HR-C6000.c:3561:6:HRC6000SetTxCTCSS	8	static
../application/source/hardware/HR-C6000.c:3576:6:HRC6000SetTxDCS	16	static
../application/source/hardware/HR-C6000.c:3600:6:HRC6000SetRxDCS	16	static
../application/source/hardware/HR-C6000.c:3623:6:HRC6000SetRxCTCSS	8	static
../application/source/hardware/HR-C6000.c:3632:6:HRC6000CheckCSS	16	static
../application/source/hardware/HR-C6000.c:3641:6:HRC6000SetLineOut	0	static
../application/source/hardware/HR-C6000.c:3646:6:HRC6000SetMic	0	static
../application/source/hardware/HR-C6000.c:3651:6:HRC6000SetFmAudio	8	static
../application/source/hardware/HR-C6000.c:3665:6:HRC6000MuteFmAudio	0	static
../application/source/hardware/HR-C6000.c:3678:6:HRC6000GetTone1Config	0	static
../application/source/hardware/HR-C6000.c:3683:6:HRC6000SetTone1Config	0	static
../application/source/hardware/HR-C6000.c:3689:6:HRC6000SetDTMF	8	static
../application/source/hardware/HR-C6000.c:3730:6:HRC6000DTMFoff	8	static
../application/source/hardware/HR-C6000.c:3743:6:HRC6000SendTone	16	static
../application/source/hardware/HR-C6000.c:3758:6:HRC6000InitDTMF	8	static
../application/source/hardware/HR-C6000.c:734:6:HRC6000Init	136	static
../application/source/hardware/HR-C6000.c:3779:6:HRC6000SetDmrRxGain	8	static
../application/source/hardware/HR-C6000.c:809:6:HRC6000FlushMusic	136	static
../application/source/hardware/HR-C6000.c:3788:6:HRC6000SetDmrAGCGain	0	static
../application/source/hardware/HR-C6000.c:3794:6:HRC6000CCIsHeld	0	static
