../Drivers/CMSIS/Include/core_cm4.h:1938:34:__NVIC_SystemReset	0	static,ignoring_inline_asm
../application/source/usb/usb_com.c:115:13:addressInSegment	8	static
../application/source/usb/usb_com.c:652:13:cpsStopGPSNMEA	8	static
../application/source/usb/usb_com.c:131:6:tick_com_request	112	static
../application/source/usb/usb_com.c:1065:6:USB_DEBUG_PRINT	8	static
../application/source/usb/usb_com.c:1078:6:USB_DEBUG_IsConnected	0	static
../application/source/usb/usb_com.c:1083:6:USB_DEBUG_TryPrint	8	static
../application/source/usb/usb_com.c:1088:6:USB_DEBUG_printf	2064	static
../application/source/usb/usb_com.c:1102:6:USB_DeviceIsResetting	8	static
