../application/source/applicationMain.c:311:13:settingsUpdateAudioAlert	0	static
../application/source/applicationMain.c:202:13:rxBeepsCarrierEndCallback	0	static
../application/source/applicationMain.c:195:13:rxBeepsMustPlayMelody	8	static
../application/source/applicationMain.c:289:13:validateSmsTimeoutCallback	16	static
../application/source/applicationMain.c:207:13:rxBeepsHandler	16	static
../application/source/applicationMain.c:277:13:validateUpdateCallback	8	static
../application/source/applicationMain.c:316:13:updateVolumeGain	24	static
../application/source/applicationMain.c:332:6:applicationMainTask	160	static
